2025-01-11 18:34:34.671 UTC: 42984 [           main] --- INFO  com.reliaquest.api.ApiApplication        : Starting ApiApplication using Java 17.0.13 with PID 42984 (/Users/rk/Documents/Personal/code/employeeCode/java-employee-challenge/api/build/classes/java/main started by rk in /Users/rk/Documents/Personal/code/employeeCode/java-employee-challenge/api)
 
2025-01-11 18:34:34.672 UTC: 42984 [           main] --- DEBUG com.reliaquest.api.ApiApplication        : Running with Spring Boot v3.2.10, Spring v6.1.13
 
2025-01-11 18:34:34.673 UTC: 42984 [           main] --- INFO  com.reliaquest.api.ApiApplication        : No active profile set, falling back to 1 default profile: "default"
 
2025-01-11 18:34:35.303 UTC: 42984 [           main] --- INFO  o.s.b.w.embedded.tomcat.TomcatWebServer  : Tomcat initialized with port 8111 (http)
 
2025-01-11 18:34:35.310 UTC: 42984 [           main] --- INFO  o.a.coyote.http11.Http11NioProtocol      : Initializing ProtocolHandler ["http-nio-8111"]
 
2025-01-11 18:34:35.312 UTC: 42984 [           main] --- INFO  o.apache.catalina.core.StandardService   : Starting service [Tomcat]
 
2025-01-11 18:34:35.312 UTC: 42984 [           main] --- INFO  o.apache.catalina.core.StandardEngine    : Starting Servlet engine: [Apache Tomcat/10.1.30]
 
2025-01-11 18:34:35.357 UTC: 42984 [           main] --- INFO  o.a.c.c.C.[Tomcat].[localhost].[/]       : Initializing Spring embedded WebApplicationContext
 
2025-01-11 18:34:35.358 UTC: 42984 [           main] --- INFO  w.s.c.ServletWebServerApplicationContext : Root WebApplicationContext: initialization completed in 656 ms
 
2025-01-11 18:34:35.591 UTC: 42984 [           main] --- INFO  o.a.coyote.http11.Http11NioProtocol      : Starting ProtocolHandler ["http-nio-8111"]
 
2025-01-11 18:34:35.615 UTC: 42984 [           main] --- INFO  o.s.b.w.embedded.tomcat.TomcatWebServer  : Tomcat started on port 8111 (http) with context path ''
 
2025-01-11 18:34:35.622 UTC: 42984 [           main] --- INFO  com.reliaquest.api.ApiApplication        : Started ApiApplication in 1.245 seconds (process running for 1.635)
 
2025-01-11 18:34:35.624 UTC: 42984 [           main] --- INFO  com.reliaquest.api.ApiApplication        : This is an info log
 
2025-01-11 18:34:35.625 UTC: 42984 [           main] --- DEBUG com.reliaquest.api.ApiApplication        : This is a debug log
 
2025-01-11 18:34:35.625 UTC: 42984 [           main] --- ERROR com.reliaquest.api.ApiApplication        : This is an error log
 
2025-01-11 18:36:30.459 UTC: 43060 [           main] --- INFO  com.reliaquest.api.ApiApplication        : Starting ApiApplication using Java 17.0.13 with PID 43060 (/Users/rk/Documents/Personal/code/employeeCode/java-employee-challenge/api/build/classes/java/main started by rk in /Users/rk/Documents/Personal/code/employeeCode/java-employee-challenge/api)
 
2025-01-11 18:36:30.460 UTC: 43060 [           main] --- DEBUG com.reliaquest.api.ApiApplication        : Running with Spring Boot v3.2.10, Spring v6.1.13
 
2025-01-11 18:36:30.461 UTC: 43060 [           main] --- INFO  com.reliaquest.api.ApiApplication        : No active profile set, falling back to 1 default profile: "default"
 
2025-01-11 18:36:31.055 UTC: 43060 [           main] --- INFO  o.s.b.w.embedded.tomcat.TomcatWebServer  : Tomcat initialized with port 8111 (http)
 
2025-01-11 18:36:31.062 UTC: 43060 [           main] --- INFO  o.a.coyote.http11.Http11NioProtocol      : Initializing ProtocolHandler ["http-nio-8111"]
 
2025-01-11 18:36:31.064 UTC: 43060 [           main] --- INFO  o.apache.catalina.core.StandardService   : Starting service [Tomcat]
 
2025-01-11 18:36:31.064 UTC: 43060 [           main] --- INFO  o.apache.catalina.core.StandardEngine    : Starting Servlet engine: [Apache Tomcat/10.1.30]
 
2025-01-11 18:36:31.109 UTC: 43060 [           main] --- INFO  o.a.c.c.C.[Tomcat].[localhost].[/]       : Initializing Spring embedded WebApplicationContext
 
2025-01-11 18:36:31.110 UTC: 43060 [           main] --- INFO  w.s.c.ServletWebServerApplicationContext : Root WebApplicationContext: initialization completed in 622 ms
 
2025-01-11 18:36:31.371 UTC: 43060 [           main] --- INFO  o.s.b.w.embedded.tomcat.TomcatWebServer  : Tomcat started on port 8111 (http) with context path ''
 
2025-01-11 18:36:31.378 UTC: 43060 [           main] --- INFO  com.reliaquest.api.ApiApplication        : Started ApiApplication in 1.171 seconds (process running for 1.539)
 
2025-01-11 18:36:31.380 UTC: 43060 [           main] --- INFO  com.reliaquest.api.ApiApplication        : This is an info log
 
2025-01-11 18:36:31.380 UTC: 43060 [           main] --- DEBUG com.reliaquest.api.ApiApplication        : This is a debug log
 
2025-01-11 18:36:31.380 UTC: 43060 [           main] --- ERROR com.reliaquest.api.ApiApplication        : This is an error log
 
2025-01-11 18:36:37.093 UTC: 43101 [           main] --- INFO  com.reliaquest.api.ApiApplication        : Starting ApiApplication using Java 17.0.13 with PID 43101 (/Users/rk/Documents/Personal/code/employeeCode/java-employee-challenge/api/build/classes/java/main started by rk in /Users/rk/Documents/Personal/code/employeeCode/java-employee-challenge/api)
 
2025-01-11 18:36:37.094 UTC: 43101 [           main] --- DEBUG com.reliaquest.api.ApiApplication        : Running with Spring Boot v3.2.10, Spring v6.1.13
 
2025-01-11 18:36:37.095 UTC: 43101 [           main] --- INFO  com.reliaquest.api.ApiApplication        : No active profile set, falling back to 1 default profile: "default"
 
2025-01-11 18:36:37.700 UTC: 43101 [           main] --- INFO  o.s.b.w.embedded.tomcat.TomcatWebServer  : Tomcat initialized with port 8111 (http)
 
2025-01-11 18:36:37.708 UTC: 43101 [           main] --- INFO  o.a.coyote.http11.Http11NioProtocol      : Initializing ProtocolHandler ["http-nio-8111"]
 
2025-01-11 18:36:37.710 UTC: 43101 [           main] --- INFO  o.apache.catalina.core.StandardService   : Starting service [Tomcat]
 
2025-01-11 18:36:37.710 UTC: 43101 [           main] --- INFO  o.apache.catalina.core.StandardEngine    : Starting Servlet engine: [Apache Tomcat/10.1.30]
 
2025-01-11 18:36:37.755 UTC: 43101 [           main] --- INFO  o.a.c.c.C.[Tomcat].[localhost].[/]       : Initializing Spring embedded WebApplicationContext
 
2025-01-11 18:36:37.756 UTC: 43101 [           main] --- INFO  w.s.c.ServletWebServerApplicationContext : Root WebApplicationContext: initialization completed in 630 ms
 
2025-01-11 18:36:37.978 UTC: 43101 [           main] --- INFO  o.a.coyote.http11.Http11NioProtocol      : Starting ProtocolHandler ["http-nio-8111"]
 
2025-01-11 18:36:38.002 UTC: 43101 [           main] --- INFO  o.s.b.w.embedded.tomcat.TomcatWebServer  : Tomcat started on port 8111 (http) with context path ''
 
2025-01-11 18:36:38.009 UTC: 43101 [           main] --- INFO  com.reliaquest.api.ApiApplication        : Started ApiApplication in 1.188 seconds (process running for 1.574)
 
2025-01-11 18:36:38.011 UTC: 43101 [           main] --- INFO  com.reliaquest.api.ApiApplication        : This is an info log
 
2025-01-11 18:36:38.012 UTC: 43101 [           main] --- DEBUG com.reliaquest.api.ApiApplication        : This is a debug log
 
2025-01-11 18:36:38.012 UTC: 43101 [           main] --- ERROR com.reliaquest.api.ApiApplication        : This is an error log
 
2025-01-11 18:38:41.086 UTC: 43186 [           main] --- INFO  com.reliaquest.api.ApiApplication        : Starting ApiApplication using Java 17.0.13 with PID 43186 (/Users/rk/Documents/Personal/code/employeeCode/java-employee-challenge/api/build/classes/java/main started by rk in /Users/rk/Documents/Personal/code/employeeCode/java-employee-challenge/api)
 
2025-01-11 18:38:41.088 UTC: 43186 [           main] --- INFO  com.reliaquest.api.ApiApplication        : No active profile set, falling back to 1 default profile: "default"
 
2025-01-11 18:38:41.705 UTC: 43186 [           main] --- INFO  o.s.b.w.embedded.tomcat.TomcatWebServer  : Tomcat initialized with port 8111 (http)
 
2025-01-11 18:38:41.712 UTC: 43186 [           main] --- INFO  o.a.coyote.http11.Http11NioProtocol      : Initializing ProtocolHandler ["http-nio-8111"]
 
2025-01-11 18:38:41.714 UTC: 43186 [           main] --- INFO  o.apache.catalina.core.StandardService   : Starting service [Tomcat]
 
2025-01-11 18:38:41.715 UTC: 43186 [           main] --- INFO  o.apache.catalina.core.StandardEngine    : Starting Servlet engine: [Apache Tomcat/10.1.30]
 
2025-01-11 18:38:41.761 UTC: 43186 [           main] --- INFO  o.a.c.c.C.[Tomcat].[localhost].[/]       : Initializing Spring embedded WebApplicationContext
 
2025-01-11 18:38:41.761 UTC: 43186 [           main] --- INFO  w.s.c.ServletWebServerApplicationContext : Root WebApplicationContext: initialization completed in 649 ms
 
2025-01-11 18:38:41.990 UTC: 43186 [           main] --- INFO  o.a.coyote.http11.Http11NioProtocol      : Starting ProtocolHandler ["http-nio-8111"]
 
2025-01-11 18:38:42.013 UTC: 43186 [           main] --- INFO  o.s.b.w.embedded.tomcat.TomcatWebServer  : Tomcat started on port 8111 (http) with context path ''
 
2025-01-11 18:38:42.021 UTC: 43186 [           main] --- INFO  com.reliaquest.api.ApiApplication        : Started ApiApplication in 1.203 seconds (process running for 1.593)
 
2025-01-11 18:38:42.022 UTC: 43186 [           main] --- INFO  com.reliaquest.api.ApiApplication        : This is an info log
 
2025-01-11 18:38:42.023 UTC: 43186 [           main] --- ERROR com.reliaquest.api.ApiApplication        : This is an error log
 
2025-01-11 18:44:18.098 UTC: 43669 [           main] --- INFO  com.reliaquest.api.ApiApplication        : Starting ApiApplication using Java 17.0.13 with PID 43669 (/Users/rk/Documents/Personal/code/employeeCode/java-employee-challenge/api/build/classes/java/main started by rk in /Users/rk/Documents/Personal/code/employeeCode/java-employee-challenge/api)
 
2025-01-11 18:44:18.099 UTC: 43669 [           main] --- INFO  com.reliaquest.api.ApiApplication        : No active profile set, falling back to 1 default profile: "default"
 
2025-01-11 18:44:18.727 UTC: 43669 [           main] --- INFO  o.s.b.w.embedded.tomcat.TomcatWebServer  : Tomcat initialized with port 8111 (http)
 
2025-01-11 18:44:18.734 UTC: 43669 [           main] --- INFO  o.a.coyote.http11.Http11NioProtocol      : Initializing ProtocolHandler ["http-nio-8111"]
 
2025-01-11 18:44:18.737 UTC: 43669 [           main] --- INFO  o.apache.catalina.core.StandardService   : Starting service [Tomcat]
 
2025-01-11 18:44:18.737 UTC: 43669 [           main] --- INFO  o.apache.catalina.core.StandardEngine    : Starting Servlet engine: [Apache Tomcat/10.1.30]
 
2025-01-11 18:44:18.785 UTC: 43669 [           main] --- INFO  o.a.c.c.C.[Tomcat].[localhost].[/]       : Initializing Spring embedded WebApplicationContext
 
2025-01-11 18:44:18.786 UTC: 43669 [           main] --- INFO  w.s.c.ServletWebServerApplicationContext : Root WebApplicationContext: initialization completed in 662 ms
 
2025-01-11 18:44:19.012 UTC: 43669 [           main] --- INFO  o.a.coyote.http11.Http11NioProtocol      : Starting ProtocolHandler ["http-nio-8111"]
 
2025-01-11 18:44:19.036 UTC: 43669 [           main] --- INFO  o.s.b.w.embedded.tomcat.TomcatWebServer  : Tomcat started on port 8111 (http) with context path ''
 
2025-01-11 18:44:19.043 UTC: 43669 [           main] --- INFO  com.reliaquest.api.ApiApplication        : Started ApiApplication in 1.185 seconds (process running for 1.561)
 
2025-01-11 18:44:19.045 UTC: 43669 [           main] --- INFO  com.reliaquest.api.ApiApplication        : This is an info log
 
2025-01-11 18:44:19.046 UTC: 43669 [           main] --- ERROR com.reliaquest.api.ApiApplication        : This is an error log
 
