2025-01-10 02:04:08 ERROR reactor.core.publisher.Operators - Operator called default onErrorDropped
reactor.core.Exceptions$ErrorCallbackNotImplemented: org.springframework.web.client.HttpClientErrorException$TooManyRequests: 429  on GET request for "http://localhost:8112/api/v1/employee": [no body]
Caused by: org.springframework.web.client.HttpClientErrorException$TooManyRequests: 429  on GET request for "http://localhost:8112/api/v1/employee": [no body]
	at org.springframework.web.client.HttpClientErrorException.create(HttpClientErrorException.java:130)
	at org.springframework.web.client.DefaultResponseErrorHandler.handleError(DefaultResponseErrorHandler.java:225)
	at org.springframework.web.client.DefaultResponseErrorHandler.handleError(DefaultResponseErrorHandler.java:163)
	at org.springframework.web.client.RestTemplate.handleResponse(RestTemplate.java:953)
	at org.springframework.web.client.RestTemplate.doExecute(RestTemplate.java:902)
	at org.springframework.web.client.RestTemplate.execute(RestTemplate.java:801)
	at org.springframework.web.client.RestTemplate.getForEntity(RestTemplate.java:442)
	at com.reliaquest.api.utility.EmployeeServerUtil.lambda$main$0(EmployeeServerUtil.java:30)
	at reactor.core.publisher.LambdaSubscriber.onNext(LambdaSubscriber.java:160)
	at reactor.core.publisher.FluxOnBackpressureBuffer$BackpressureBufferSubscriber.drainRegular(FluxOnBackpressureBuffer.java:268)
	at reactor.core.publisher.FluxOnBackpressureBuffer$BackpressureBufferSubscriber.drain(FluxOnBackpressureBuffer.java:232)
	at reactor.core.publisher.FluxOnBackpressureBuffer$BackpressureBufferSubscriber.onNext(FluxOnBackpressureBuffer.java:191)
	at reactor.core.publisher.FluxRange$RangeSubscription.fastPath(FluxRange.java:131)
	at reactor.core.publisher.FluxRange$RangeSubscription.request(FluxRange.java:109)
	at reactor.core.publisher.FluxOnBackpressureBuffer$BackpressureBufferSubscriber.onSubscribe(FluxOnBackpressureBuffer.java:162)
	at reactor.core.publisher.FluxRange.subscribe(FluxRange.java:69)
	at reactor.core.publisher.Flux.subscribe(Flux.java:8891)
	at reactor.core.publisher.Flux.subscribeWith(Flux.java:9012)
	at reactor.core.publisher.Flux.subscribe(Flux.java:8856)
	at reactor.core.publisher.Flux.subscribe(Flux.java:8780)
	at reactor.core.publisher.Flux.subscribe(Flux.java:8723)
	at com.reliaquest.api.utility.EmployeeServerUtil.main(EmployeeServerUtil.java:28)
2025-01-10 02:04:08 ERROR reactor.core.publisher.Operators - Operator called default onErrorDropped
reactor.core.Exceptions$ErrorCallbackNotImplemented: org.springframework.web.client.HttpClientErrorException$TooManyRequests: 429  on GET request for "http://localhost:8112/api/v1/employee": [no body]
Caused by: org.springframework.web.client.HttpClientErrorException$TooManyRequests: 429  on GET request for "http://localhost:8112/api/v1/employee": [no body]
	at org.springframework.web.client.HttpClientErrorException.create(HttpClientErrorException.java:130)
	at org.springframework.web.client.DefaultResponseErrorHandler.handleError(DefaultResponseErrorHandler.java:225)
	at org.springframework.web.client.DefaultResponseErrorHandler.handleError(DefaultResponseErrorHandler.java:163)
	at org.springframework.web.client.RestTemplate.handleResponse(RestTemplate.java:953)
	at org.springframework.web.client.RestTemplate.doExecute(RestTemplate.java:902)
	at org.springframework.web.client.RestTemplate.execute(RestTemplate.java:801)
	at org.springframework.web.client.RestTemplate.getForEntity(RestTemplate.java:442)
	at com.reliaquest.api.utility.EmployeeServerUtil.lambda$main$0(EmployeeServerUtil.java:30)
	at reactor.core.publisher.LambdaSubscriber.onNext(LambdaSubscriber.java:160)
	at reactor.core.publisher.FluxOnBackpressureBuffer$BackpressureBufferSubscriber.drainRegular(FluxOnBackpressureBuffer.java:268)
	at reactor.core.publisher.FluxOnBackpressureBuffer$BackpressureBufferSubscriber.drain(FluxOnBackpressureBuffer.java:232)
	at reactor.core.publisher.FluxOnBackpressureBuffer$BackpressureBufferSubscriber.onNext(FluxOnBackpressureBuffer.java:191)
	at reactor.core.publisher.FluxRange$RangeSubscription.fastPath(FluxRange.java:131)
	at reactor.core.publisher.FluxRange$RangeSubscription.request(FluxRange.java:109)
	at reactor.core.publisher.FluxOnBackpressureBuffer$BackpressureBufferSubscriber.onSubscribe(FluxOnBackpressureBuffer.java:162)
	at reactor.core.publisher.FluxRange.subscribe(FluxRange.java:69)
	at reactor.core.publisher.Flux.subscribe(Flux.java:8891)
	at reactor.core.publisher.Flux.subscribeWith(Flux.java:9012)
	at reactor.core.publisher.Flux.subscribe(Flux.java:8856)
	at reactor.core.publisher.Flux.subscribe(Flux.java:8780)
	at reactor.core.publisher.Flux.subscribe(Flux.java:8723)
	at com.reliaquest.api.utility.EmployeeServerUtil.main(EmployeeServerUtil.java:28)
2025-01-10 02:04:08 ERROR reactor.core.publisher.Operators - Operator called default onErrorDropped
reactor.core.Exceptions$ErrorCallbackNotImplemented: org.springframework.web.client.HttpClientErrorException$TooManyRequests: 429  on GET request for "http://localhost:8112/api/v1/employee": [no body]
Caused by: org.springframework.web.client.HttpClientErrorException$TooManyRequests: 429  on GET request for "http://localhost:8112/api/v1/employee": [no body]
	at org.springframework.web.client.HttpClientErrorException.create(HttpClientErrorException.java:130)
	at org.springframework.web.client.DefaultResponseErrorHandler.handleError(DefaultResponseErrorHandler.java:225)
	at org.springframework.web.client.DefaultResponseErrorHandler.handleError(DefaultResponseErrorHandler.java:163)
	at org.springframework.web.client.RestTemplate.handleResponse(RestTemplate.java:953)
	at org.springframework.web.client.RestTemplate.doExecute(RestTemplate.java:902)
	at org.springframework.web.client.RestTemplate.execute(RestTemplate.java:801)
	at org.springframework.web.client.RestTemplate.getForEntity(RestTemplate.java:442)
	at com.reliaquest.api.utility.EmployeeServerUtil.lambda$main$0(EmployeeServerUtil.java:30)
	at reactor.core.publisher.LambdaSubscriber.onNext(LambdaSubscriber.java:160)
	at reactor.core.publisher.FluxOnBackpressureBuffer$BackpressureBufferSubscriber.drainRegular(FluxOnBackpressureBuffer.java:268)
	at reactor.core.publisher.FluxOnBackpressureBuffer$BackpressureBufferSubscriber.drain(FluxOnBackpressureBuffer.java:232)
	at reactor.core.publisher.FluxOnBackpressureBuffer$BackpressureBufferSubscriber.onNext(FluxOnBackpressureBuffer.java:191)
	at reactor.core.publisher.FluxRange$RangeSubscription.fastPath(FluxRange.java:131)
	at reactor.core.publisher.FluxRange$RangeSubscription.request(FluxRange.java:109)
	at reactor.core.publisher.FluxOnBackpressureBuffer$BackpressureBufferSubscriber.onSubscribe(FluxOnBackpressureBuffer.java:162)
	at reactor.core.publisher.FluxRange.subscribe(FluxRange.java:69)
	at reactor.core.publisher.Flux.subscribe(Flux.java:8891)
	at reactor.core.publisher.Flux.subscribeWith(Flux.java:9012)
	at reactor.core.publisher.Flux.subscribe(Flux.java:8856)
	at reactor.core.publisher.Flux.subscribe(Flux.java:8780)
	at reactor.core.publisher.Flux.subscribe(Flux.java:8723)
	at com.reliaquest.api.utility.EmployeeServerUtil.main(EmployeeServerUtil.java:28)
2025-01-10 02:04:08 ERROR reactor.core.publisher.Operators - Operator called default onErrorDropped
reactor.core.Exceptions$ErrorCallbackNotImplemented: org.springframework.web.client.HttpClientErrorException$TooManyRequests: 429  on GET request for "http://localhost:8112/api/v1/employee": [no body]
Caused by: org.springframework.web.client.HttpClientErrorException$TooManyRequests: 429  on GET request for "http://localhost:8112/api/v1/employee": [no body]
	at org.springframework.web.client.HttpClientErrorException.create(HttpClientErrorException.java:130)
	at org.springframework.web.client.DefaultResponseErrorHandler.handleError(DefaultResponseErrorHandler.java:225)
	at org.springframework.web.client.DefaultResponseErrorHandler.handleError(DefaultResponseErrorHandler.java:163)
	at org.springframework.web.client.RestTemplate.handleResponse(RestTemplate.java:953)
	at org.springframework.web.client.RestTemplate.doExecute(RestTemplate.java:902)
	at org.springframework.web.client.RestTemplate.execute(RestTemplate.java:801)
	at org.springframework.web.client.RestTemplate.getForEntity(RestTemplate.java:442)
	at com.reliaquest.api.utility.EmployeeServerUtil.lambda$main$0(EmployeeServerUtil.java:30)
	at reactor.core.publisher.LambdaSubscriber.onNext(LambdaSubscriber.java:160)
	at reactor.core.publisher.FluxOnBackpressureBuffer$BackpressureBufferSubscriber.drainRegular(FluxOnBackpressureBuffer.java:268)
	at reactor.core.publisher.FluxOnBackpressureBuffer$BackpressureBufferSubscriber.drain(FluxOnBackpressureBuffer.java:232)
	at reactor.core.publisher.FluxOnBackpressureBuffer$BackpressureBufferSubscriber.onNext(FluxOnBackpressureBuffer.java:191)
	at reactor.core.publisher.FluxRange$RangeSubscription.fastPath(FluxRange.java:131)
	at reactor.core.publisher.FluxRange$RangeSubscription.request(FluxRange.java:109)
	at reactor.core.publisher.FluxOnBackpressureBuffer$BackpressureBufferSubscriber.onSubscribe(FluxOnBackpressureBuffer.java:162)
	at reactor.core.publisher.FluxRange.subscribe(FluxRange.java:69)
	at reactor.core.publisher.Flux.subscribe(Flux.java:8891)
	at reactor.core.publisher.Flux.subscribeWith(Flux.java:9012)
	at reactor.core.publisher.Flux.subscribe(Flux.java:8856)
	at reactor.core.publisher.Flux.subscribe(Flux.java:8780)
	at reactor.core.publisher.Flux.subscribe(Flux.java:8723)
	at com.reliaquest.api.utility.EmployeeServerUtil.main(EmployeeServerUtil.java:28)
2025-01-10 02:04:08 ERROR reactor.core.publisher.Operators - Operator called default onErrorDropped
reactor.core.Exceptions$ErrorCallbackNotImplemented: org.springframework.web.client.HttpClientErrorException$TooManyRequests: 429  on GET request for "http://localhost:8112/api/v1/employee": [no body]
Caused by: org.springframework.web.client.HttpClientErrorException$TooManyRequests: 429  on GET request for "http://localhost:8112/api/v1/employee": [no body]
	at org.springframework.web.client.HttpClientErrorException.create(HttpClientErrorException.java:130)
	at org.springframework.web.client.DefaultResponseErrorHandler.handleError(DefaultResponseErrorHandler.java:225)
	at org.springframework.web.client.DefaultResponseErrorHandler.handleError(DefaultResponseErrorHandler.java:163)
	at org.springframework.web.client.RestTemplate.handleResponse(RestTemplate.java:953)
	at org.springframework.web.client.RestTemplate.doExecute(RestTemplate.java:902)
	at org.springframework.web.client.RestTemplate.execute(RestTemplate.java:801)
	at org.springframework.web.client.RestTemplate.getForEntity(RestTemplate.java:442)
	at com.reliaquest.api.utility.EmployeeServerUtil.lambda$main$0(EmployeeServerUtil.java:30)
	at reactor.core.publisher.LambdaSubscriber.onNext(LambdaSubscriber.java:160)
	at reactor.core.publisher.FluxOnBackpressureBuffer$BackpressureBufferSubscriber.drainRegular(FluxOnBackpressureBuffer.java:268)
	at reactor.core.publisher.FluxOnBackpressureBuffer$BackpressureBufferSubscriber.drain(FluxOnBackpressureBuffer.java:232)
	at reactor.core.publisher.FluxOnBackpressureBuffer$BackpressureBufferSubscriber.onNext(FluxOnBackpressureBuffer.java:191)
	at reactor.core.publisher.FluxRange$RangeSubscription.fastPath(FluxRange.java:131)
	at reactor.core.publisher.FluxRange$RangeSubscription.request(FluxRange.java:109)
	at reactor.core.publisher.FluxOnBackpressureBuffer$BackpressureBufferSubscriber.onSubscribe(FluxOnBackpressureBuffer.java:162)
	at reactor.core.publisher.FluxRange.subscribe(FluxRange.java:69)
	at reactor.core.publisher.Flux.subscribe(Flux.java:8891)
	at reactor.core.publisher.Flux.subscribeWith(Flux.java:9012)
	at reactor.core.publisher.Flux.subscribe(Flux.java:8856)
	at reactor.core.publisher.Flux.subscribe(Flux.java:8780)
	at reactor.core.publisher.Flux.subscribe(Flux.java:8723)
	at com.reliaquest.api.utility.EmployeeServerUtil.main(EmployeeServerUtil.java:28)
2025-01-10 02:04:08 ERROR reactor.core.publisher.Operators - Operator called default onErrorDropped
reactor.core.Exceptions$ErrorCallbackNotImplemented: org.springframework.web.client.HttpClientErrorException$TooManyRequests: 429  on GET request for "http://localhost:8112/api/v1/employee": [no body]
Caused by: org.springframework.web.client.HttpClientErrorException$TooManyRequests: 429  on GET request for "http://localhost:8112/api/v1/employee": [no body]
	at org.springframework.web.client.HttpClientErrorException.create(HttpClientErrorException.java:130)
	at org.springframework.web.client.DefaultResponseErrorHandler.handleError(DefaultResponseErrorHandler.java:225)
	at org.springframework.web.client.DefaultResponseErrorHandler.handleError(DefaultResponseErrorHandler.java:163)
	at org.springframework.web.client.RestTemplate.handleResponse(RestTemplate.java:953)
	at org.springframework.web.client.RestTemplate.doExecute(RestTemplate.java:902)
	at org.springframework.web.client.RestTemplate.execute(RestTemplate.java:801)
	at org.springframework.web.client.RestTemplate.getForEntity(RestTemplate.java:442)
	at com.reliaquest.api.utility.EmployeeServerUtil.lambda$main$0(EmployeeServerUtil.java:30)
	at reactor.core.publisher.LambdaSubscriber.onNext(LambdaSubscriber.java:160)
	at reactor.core.publisher.FluxOnBackpressureBuffer$BackpressureBufferSubscriber.drainRegular(FluxOnBackpressureBuffer.java:268)
	at reactor.core.publisher.FluxOnBackpressureBuffer$BackpressureBufferSubscriber.drain(FluxOnBackpressureBuffer.java:232)
	at reactor.core.publisher.FluxOnBackpressureBuffer$BackpressureBufferSubscriber.onNext(FluxOnBackpressureBuffer.java:191)
	at reactor.core.publisher.FluxRange$RangeSubscription.fastPath(FluxRange.java:131)
	at reactor.core.publisher.FluxRange$RangeSubscription.request(FluxRange.java:109)
	at reactor.core.publisher.FluxOnBackpressureBuffer$BackpressureBufferSubscriber.onSubscribe(FluxOnBackpressureBuffer.java:162)
	at reactor.core.publisher.FluxRange.subscribe(FluxRange.java:69)
	at reactor.core.publisher.Flux.subscribe(Flux.java:8891)
	at reactor.core.publisher.Flux.subscribeWith(Flux.java:9012)
	at reactor.core.publisher.Flux.subscribe(Flux.java:8856)
	at reactor.core.publisher.Flux.subscribe(Flux.java:8780)
	at reactor.core.publisher.Flux.subscribe(Flux.java:8723)
	at com.reliaquest.api.utility.EmployeeServerUtil.main(EmployeeServerUtil.java:28)
2025-01-10 02:04:08 ERROR reactor.core.publisher.Operators - Operator called default onErrorDropped
reactor.core.Exceptions$ErrorCallbackNotImplemented: org.springframework.web.client.HttpClientErrorException$TooManyRequests: 429  on GET request for "http://localhost:8112/api/v1/employee": [no body]
Caused by: org.springframework.web.client.HttpClientErrorException$TooManyRequests: 429  on GET request for "http://localhost:8112/api/v1/employee": [no body]
	at org.springframework.web.client.HttpClientErrorException.create(HttpClientErrorException.java:130)
	at org.springframework.web.client.DefaultResponseErrorHandler.handleError(DefaultResponseErrorHandler.java:225)
	at org.springframework.web.client.DefaultResponseErrorHandler.handleError(DefaultResponseErrorHandler.java:163)
	at org.springframework.web.client.RestTemplate.handleResponse(RestTemplate.java:953)
	at org.springframework.web.client.RestTemplate.doExecute(RestTemplate.java:902)
	at org.springframework.web.client.RestTemplate.execute(RestTemplate.java:801)
	at org.springframework.web.client.RestTemplate.getForEntity(RestTemplate.java:442)
	at com.reliaquest.api.utility.EmployeeServerUtil.lambda$main$0(EmployeeServerUtil.java:30)
	at reactor.core.publisher.LambdaSubscriber.onNext(LambdaSubscriber.java:160)
	at reactor.core.publisher.FluxOnBackpressureBuffer$BackpressureBufferSubscriber.drainRegular(FluxOnBackpressureBuffer.java:268)
	at reactor.core.publisher.FluxOnBackpressureBuffer$BackpressureBufferSubscriber.drain(FluxOnBackpressureBuffer.java:232)
	at reactor.core.publisher.FluxOnBackpressureBuffer$BackpressureBufferSubscriber.onNext(FluxOnBackpressureBuffer.java:191)
	at reactor.core.publisher.FluxRange$RangeSubscription.fastPath(FluxRange.java:131)
	at reactor.core.publisher.FluxRange$RangeSubscription.request(FluxRange.java:109)
	at reactor.core.publisher.FluxOnBackpressureBuffer$BackpressureBufferSubscriber.onSubscribe(FluxOnBackpressureBuffer.java:162)
	at reactor.core.publisher.FluxRange.subscribe(FluxRange.java:69)
	at reactor.core.publisher.Flux.subscribe(Flux.java:8891)
	at reactor.core.publisher.Flux.subscribeWith(Flux.java:9012)
	at reactor.core.publisher.Flux.subscribe(Flux.java:8856)
	at reactor.core.publisher.Flux.subscribe(Flux.java:8780)
	at reactor.core.publisher.Flux.subscribe(Flux.java:8723)
	at com.reliaquest.api.utility.EmployeeServerUtil.main(EmployeeServerUtil.java:28)
2025-01-10 02:04:08 ERROR reactor.core.publisher.Operators - Operator called default onErrorDropped
reactor.core.Exceptions$ErrorCallbackNotImplemented: org.springframework.web.client.HttpClientErrorException$TooManyRequests: 429  on GET request for "http://localhost:8112/api/v1/employee": [no body]
Caused by: org.springframework.web.client.HttpClientErrorException$TooManyRequests: 429  on GET request for "http://localhost:8112/api/v1/employee": [no body]
	at org.springframework.web.client.HttpClientErrorException.create(HttpClientErrorException.java:130)
	at org.springframework.web.client.DefaultResponseErrorHandler.handleError(DefaultResponseErrorHandler.java:225)
	at org.springframework.web.client.DefaultResponseErrorHandler.handleError(DefaultResponseErrorHandler.java:163)
	at org.springframework.web.client.RestTemplate.handleResponse(RestTemplate.java:953)
	at org.springframework.web.client.RestTemplate.doExecute(RestTemplate.java:902)
	at org.springframework.web.client.RestTemplate.execute(RestTemplate.java:801)
	at org.springframework.web.client.RestTemplate.getForEntity(RestTemplate.java:442)
	at com.reliaquest.api.utility.EmployeeServerUtil.lambda$main$0(EmployeeServerUtil.java:30)
	at reactor.core.publisher.LambdaSubscriber.onNext(LambdaSubscriber.java:160)
	at reactor.core.publisher.FluxOnBackpressureBuffer$BackpressureBufferSubscriber.drainRegular(FluxOnBackpressureBuffer.java:268)
	at reactor.core.publisher.FluxOnBackpressureBuffer$BackpressureBufferSubscriber.drain(FluxOnBackpressureBuffer.java:232)
	at reactor.core.publisher.FluxOnBackpressureBuffer$BackpressureBufferSubscriber.onNext(FluxOnBackpressureBuffer.java:191)
	at reactor.core.publisher.FluxRange$RangeSubscription.fastPath(FluxRange.java:131)
	at reactor.core.publisher.FluxRange$RangeSubscription.request(FluxRange.java:109)
	at reactor.core.publisher.FluxOnBackpressureBuffer$BackpressureBufferSubscriber.onSubscribe(FluxOnBackpressureBuffer.java:162)
	at reactor.core.publisher.FluxRange.subscribe(FluxRange.java:69)
	at reactor.core.publisher.Flux.subscribe(Flux.java:8891)
	at reactor.core.publisher.Flux.subscribeWith(Flux.java:9012)
	at reactor.core.publisher.Flux.subscribe(Flux.java:8856)
	at reactor.core.publisher.Flux.subscribe(Flux.java:8780)
	at reactor.core.publisher.Flux.subscribe(Flux.java:8723)
	at com.reliaquest.api.utility.EmployeeServerUtil.main(EmployeeServerUtil.java:28)
2025-01-10 02:04:08 ERROR reactor.core.publisher.Operators - Operator called default onErrorDropped
reactor.core.Exceptions$ErrorCallbackNotImplemented: org.springframework.web.client.HttpClientErrorException$TooManyRequests: 429  on GET request for "http://localhost:8112/api/v1/employee": [no body]
Caused by: org.springframework.web.client.HttpClientErrorException$TooManyRequests: 429  on GET request for "http://localhost:8112/api/v1/employee": [no body]
	at org.springframework.web.client.HttpClientErrorException.create(HttpClientErrorException.java:130)
	at org.springframework.web.client.DefaultResponseErrorHandler.handleError(DefaultResponseErrorHandler.java:225)
	at org.springframework.web.client.DefaultResponseErrorHandler.handleError(DefaultResponseErrorHandler.java:163)
	at org.springframework.web.client.RestTemplate.handleResponse(RestTemplate.java:953)
	at org.springframework.web.client.RestTemplate.doExecute(RestTemplate.java:902)
	at org.springframework.web.client.RestTemplate.execute(RestTemplate.java:801)
	at org.springframework.web.client.RestTemplate.getForEntity(RestTemplate.java:442)
	at com.reliaquest.api.utility.EmployeeServerUtil.lambda$main$0(EmployeeServerUtil.java:30)
	at reactor.core.publisher.LambdaSubscriber.onNext(LambdaSubscriber.java:160)
	at reactor.core.publisher.FluxOnBackpressureBuffer$BackpressureBufferSubscriber.drainRegular(FluxOnBackpressureBuffer.java:268)
	at reactor.core.publisher.FluxOnBackpressureBuffer$BackpressureBufferSubscriber.drain(FluxOnBackpressureBuffer.java:232)
	at reactor.core.publisher.FluxOnBackpressureBuffer$BackpressureBufferSubscriber.onNext(FluxOnBackpressureBuffer.java:191)
	at reactor.core.publisher.FluxRange$RangeSubscription.fastPath(FluxRange.java:131)
	at reactor.core.publisher.FluxRange$RangeSubscription.request(FluxRange.java:109)
	at reactor.core.publisher.FluxOnBackpressureBuffer$BackpressureBufferSubscriber.onSubscribe(FluxOnBackpressureBuffer.java:162)
	at reactor.core.publisher.FluxRange.subscribe(FluxRange.java:69)
	at reactor.core.publisher.Flux.subscribe(Flux.java:8891)
	at reactor.core.publisher.Flux.subscribeWith(Flux.java:9012)
	at reactor.core.publisher.Flux.subscribe(Flux.java:8856)
	at reactor.core.publisher.Flux.subscribe(Flux.java:8780)
	at reactor.core.publisher.Flux.subscribe(Flux.java:8723)
	at com.reliaquest.api.utility.EmployeeServerUtil.main(EmployeeServerUtil.java:28)
2025-01-10 08:28:43 ERROR reactor.core.publisher.Operators - Operator called default onErrorDropped
org.springframework.web.reactive.function.client.WebClientResponseException$TooManyRequests: 429 Too Many Requests from GET http://localhost:8112/api/v1/employee
	at org.springframework.web.reactive.function.client.WebClientResponseException.create(WebClientResponseException.java:330)
	Suppressed: reactor.core.publisher.FluxOnAssembly$OnAssemblyException: 
Error has been observed at the following site(s):
	*__checkpoint ⇢ 429 TOO_MANY_REQUESTS from GET http://localhost:8112/api/v1/employee [DefaultWebClient]
Original Stack Trace:
		at org.springframework.web.reactive.function.client.WebClientResponseException.create(WebClientResponseException.java:330)
		at org.springframework.web.reactive.function.client.DefaultClientResponse.lambda$createException$1(DefaultClientResponse.java:214)
		at reactor.core.publisher.FluxMap$MapSubscriber.onNext(FluxMap.java:106)
		at reactor.core.publisher.FluxOnErrorReturn$ReturnSubscriber.onNext(FluxOnErrorReturn.java:162)
		at reactor.core.publisher.Operators$BaseFluxToMonoOperator.completePossiblyEmpty(Operators.java:2097)
		at reactor.core.publisher.FluxDefaultIfEmpty$DefaultIfEmptySubscriber.onComplete(FluxDefaultIfEmpty.java:134)
		at reactor.core.publisher.FluxMapFuseable$MapFuseableSubscriber.onComplete(FluxMapFuseable.java:152)
		at reactor.core.publisher.FluxContextWrite$ContextWriteSubscriber.onComplete(FluxContextWrite.java:126)
		at reactor.core.publisher.FluxMapFuseable$MapFuseableConditionalSubscriber.onComplete(FluxMapFuseable.java:350)
		at reactor.core.publisher.FluxFilterFuseable$FilterFuseableConditionalSubscriber.onComplete(FluxFilterFuseable.java:391)
		at reactor.core.publisher.Operators$BaseFluxToMonoOperator.completePossiblyEmpty(Operators.java:2098)
		at reactor.core.publisher.MonoCollect$CollectSubscriber.onComplete(MonoCollect.java:145)
		at reactor.core.publisher.FluxPublish$PublishSubscriber.checkTerminated(FluxPublish.java:634)
		at reactor.core.publisher.FluxPublish$PublishSubscriber.drain(FluxPublish.java:494)
		at reactor.core.publisher.FluxPublish$PublishSubscriber.onComplete(FluxPublish.java:355)
		at reactor.core.publisher.FluxContextWrite$ContextWriteSubscriber.onComplete(FluxContextWrite.java:126)
		at reactor.core.publisher.FluxMapFuseable$MapFuseableConditionalSubscriber.onComplete(FluxMapFuseable.java:350)
		at reactor.core.publisher.FluxFlattenIterable$FlattenIterableSubscriber.drainAsync(FluxFlattenIterable.java:371)
		at reactor.core.publisher.FluxFlattenIterable$FlattenIterableSubscriber.drain(FluxFlattenIterable.java:724)
		at reactor.core.publisher.FluxFlattenIterable$FlattenIterableSubscriber.onComplete(FluxFlattenIterable.java:273)
		at reactor.adapter.JdkFlowAdapter$SubscriberToRS.onComplete(JdkFlowAdapter.java:160)
		at java.net.http/jdk.internal.net.http.ResponseSubscribers$PublishingBodySubscriber.complete(ResponseSubscribers.java:933)
		at java.net.http/jdk.internal.net.http.ResponseSubscribers$PublishingBodySubscriber.lambda$new$1(ResponseSubscribers.java:864)
		at java.base/java.util.concurrent.CompletableFuture$UniAccept.tryFire(CompletableFuture.java:718)
		at java.base/java.util.concurrent.CompletableFuture.postComplete(CompletableFuture.java:510)
		at java.base/java.util.concurrent.CompletableFuture.complete(CompletableFuture.java:2147)
		at java.net.http/jdk.internal.net.http.ResponseSubscribers$PublishingBodySubscriber.lambda$subscribe$3(ResponseSubscribers.java:961)
		at java.base/java.util.concurrent.CompletableFuture.uniAcceptNow(CompletableFuture.java:757)
		at java.base/java.util.concurrent.CompletableFuture.uniAcceptStage(CompletableFuture.java:735)
		at java.base/java.util.concurrent.CompletableFuture.thenAccept(CompletableFuture.java:2182)
		at java.net.http/jdk.internal.net.http.ResponseSubscribers$PublishingBodySubscriber.subscribe(ResponseSubscribers.java:957)
		at reactor.adapter.JdkFlowAdapter$FlowPublisherAsFlux.subscribe(JdkFlowAdapter.java:68)
		at reactor.core.publisher.InternalFluxOperator.subscribe(InternalFluxOperator.java:68)
		at reactor.core.publisher.FluxPublish.connect(FluxPublish.java:106)
		at reactor.core.publisher.FluxAutoConnect.subscribe(FluxAutoConnect.java:62)
		at reactor.core.publisher.Flux.subscribe(Flux.java:8891)
		at org.springframework.http.client.reactive.AbstractClientHttpResponse$SingleSubscriberPublisher.subscribe(AbstractClientHttpResponse.java:112)
		at reactor.core.publisher.FluxSource.subscribe(FluxSource.java:71)
		at reactor.core.publisher.InternalMonoOperator.subscribe(InternalMonoOperator.java:76)
		at reactor.core.publisher.MonoFlatMap$FlatMapMain.onNext(MonoFlatMap.java:165)
		at reactor.core.publisher.FluxContextWrite$ContextWriteSubscriber.onNext(FluxContextWrite.java:107)
		at reactor.core.publisher.FluxDoFinally$DoFinallySubscriber.onNext(FluxDoFinally.java:113)
		at reactor.core.publisher.MonoPeekTerminal$MonoTerminalPeekSubscriber.onNext(MonoPeekTerminal.java:180)
		at reactor.core.publisher.FluxPeekFuseable$PeekConditionalSubscriber.onNext(FluxPeekFuseable.java:854)
		at reactor.core.publisher.FluxSwitchIfEmpty$SwitchIfEmptySubscriber.onNext(FluxSwitchIfEmpty.java:74)
		at reactor.core.publisher.FluxPeek$PeekSubscriber.onNext(FluxPeek.java:200)
		at reactor.core.publisher.FluxMap$MapSubscriber.onNext(FluxMap.java:122)
		at reactor.core.publisher.FluxOnErrorResume$ResumeSubscriber.onNext(FluxOnErrorResume.java:79)
		at reactor.core.publisher.FluxPeek$PeekSubscriber.onNext(FluxPeek.java:200)
		at reactor.core.publisher.FluxPeek$PeekSubscriber.onNext(FluxPeek.java:200)
		at reactor.core.publisher.MonoIgnoreThen$ThenIgnoreMain.complete(MonoIgnoreThen.java:294)
		at reactor.core.publisher.MonoIgnoreThen$ThenIgnoreMain.onNext(MonoIgnoreThen.java:188)
		at reactor.core.publisher.FluxMap$MapSubscriber.onNext(FluxMap.java:122)
		at reactor.core.publisher.MonoCompletionStage$MonoCompletionStageSubscription.apply(MonoCompletionStage.java:121)
		at reactor.core.publisher.MonoCompletionStage$MonoCompletionStageSubscription.apply(MonoCompletionStage.java:67)
		at java.base/java.util.concurrent.CompletableFuture.uniHandle(CompletableFuture.java:934)
		at java.base/java.util.concurrent.CompletableFuture$UniHandle.tryFire(CompletableFuture.java:911)
		at java.base/java.util.concurrent.CompletableFuture.postComplete(CompletableFuture.java:510)
		at java.base/java.util.concurrent.CompletableFuture.postFire(CompletableFuture.java:614)
		at java.base/java.util.concurrent.CompletableFuture$UniWhenComplete.tryFire(CompletableFuture.java:844)
		at java.base/java.util.concurrent.CompletableFuture$Completion.exec(CompletableFuture.java:483)
		at java.base/java.util.concurrent.ForkJoinTask.doExec(ForkJoinTask.java:373)
		at java.base/java.util.concurrent.ForkJoinPool$WorkQueue.topLevelExec(ForkJoinPool.java:1182)
		at java.base/java.util.concurrent.ForkJoinPool.scan(ForkJoinPool.java:1655)
		at java.base/java.util.concurrent.ForkJoinPool.runWorker(ForkJoinPool.java:1622)
		at java.base/java.util.concurrent.ForkJoinWorkerThread.run(ForkJoinWorkerThread.java:165)
2025-01-10 08:28:43 ERROR reactor.core.publisher.Operators - Operator called default onErrorDropped
org.springframework.web.reactive.function.client.WebClientResponseException$TooManyRequests: 429 Too Many Requests from GET http://localhost:8112/api/v1/employee
	at org.springframework.web.reactive.function.client.WebClientResponseException.create(WebClientResponseException.java:330)
	Suppressed: reactor.core.publisher.FluxOnAssembly$OnAssemblyException: 
Error has been observed at the following site(s):
	*__checkpoint ⇢ 429 TOO_MANY_REQUESTS from GET http://localhost:8112/api/v1/employee [DefaultWebClient]
Original Stack Trace:
		at org.springframework.web.reactive.function.client.WebClientResponseException.create(WebClientResponseException.java:330)
		at org.springframework.web.reactive.function.client.DefaultClientResponse.lambda$createException$1(DefaultClientResponse.java:214)
		at reactor.core.publisher.FluxMap$MapSubscriber.onNext(FluxMap.java:106)
		at reactor.core.publisher.FluxOnErrorReturn$ReturnSubscriber.onNext(FluxOnErrorReturn.java:162)
		at reactor.core.publisher.Operators$BaseFluxToMonoOperator.completePossiblyEmpty(Operators.java:2097)
		at reactor.core.publisher.FluxDefaultIfEmpty$DefaultIfEmptySubscriber.onComplete(FluxDefaultIfEmpty.java:134)
		at reactor.core.publisher.FluxMapFuseable$MapFuseableSubscriber.onComplete(FluxMapFuseable.java:152)
		at reactor.core.publisher.FluxContextWrite$ContextWriteSubscriber.onComplete(FluxContextWrite.java:126)
		at reactor.core.publisher.FluxMapFuseable$MapFuseableConditionalSubscriber.onComplete(FluxMapFuseable.java:350)
		at reactor.core.publisher.FluxFilterFuseable$FilterFuseableConditionalSubscriber.onComplete(FluxFilterFuseable.java:391)
		at reactor.core.publisher.Operators$BaseFluxToMonoOperator.completePossiblyEmpty(Operators.java:2098)
		at reactor.core.publisher.MonoCollect$CollectSubscriber.onComplete(MonoCollect.java:145)
		at reactor.core.publisher.FluxPublish$PublishSubscriber.checkTerminated(FluxPublish.java:634)
		at reactor.core.publisher.FluxPublish$PublishSubscriber.drain(FluxPublish.java:494)
		at reactor.core.publisher.FluxPublish$PublishSubscriber.onComplete(FluxPublish.java:355)
		at reactor.core.publisher.FluxContextWrite$ContextWriteSubscriber.onComplete(FluxContextWrite.java:126)
		at reactor.core.publisher.FluxMapFuseable$MapFuseableConditionalSubscriber.onComplete(FluxMapFuseable.java:350)
		at reactor.core.publisher.FluxFlattenIterable$FlattenIterableSubscriber.drainAsync(FluxFlattenIterable.java:371)
		at reactor.core.publisher.FluxFlattenIterable$FlattenIterableSubscriber.drain(FluxFlattenIterable.java:724)
		at reactor.core.publisher.FluxFlattenIterable$FlattenIterableSubscriber.onComplete(FluxFlattenIterable.java:273)
		at reactor.adapter.JdkFlowAdapter$SubscriberToRS.onComplete(JdkFlowAdapter.java:160)
		at java.net.http/jdk.internal.net.http.ResponseSubscribers$PublishingBodySubscriber.complete(ResponseSubscribers.java:933)
		at java.net.http/jdk.internal.net.http.ResponseSubscribers$PublishingBodySubscriber.lambda$new$1(ResponseSubscribers.java:864)
		at java.base/java.util.concurrent.CompletableFuture$UniAccept.tryFire(CompletableFuture.java:718)
		at java.base/java.util.concurrent.CompletableFuture.postComplete(CompletableFuture.java:510)
		at java.base/java.util.concurrent.CompletableFuture.complete(CompletableFuture.java:2147)
		at java.net.http/jdk.internal.net.http.ResponseSubscribers$PublishingBodySubscriber.lambda$subscribe$3(ResponseSubscribers.java:961)
		at java.base/java.util.concurrent.CompletableFuture.uniAcceptNow(CompletableFuture.java:757)
		at java.base/java.util.concurrent.CompletableFuture.uniAcceptStage(CompletableFuture.java:735)
		at java.base/java.util.concurrent.CompletableFuture.thenAccept(CompletableFuture.java:2182)
		at java.net.http/jdk.internal.net.http.ResponseSubscribers$PublishingBodySubscriber.subscribe(ResponseSubscribers.java:957)
		at reactor.adapter.JdkFlowAdapter$FlowPublisherAsFlux.subscribe(JdkFlowAdapter.java:68)
		at reactor.core.publisher.InternalFluxOperator.subscribe(InternalFluxOperator.java:68)
		at reactor.core.publisher.FluxPublish.connect(FluxPublish.java:106)
		at reactor.core.publisher.FluxAutoConnect.subscribe(FluxAutoConnect.java:62)
		at reactor.core.publisher.Flux.subscribe(Flux.java:8891)
		at org.springframework.http.client.reactive.AbstractClientHttpResponse$SingleSubscriberPublisher.subscribe(AbstractClientHttpResponse.java:112)
		at reactor.core.publisher.FluxSource.subscribe(FluxSource.java:71)
		at reactor.core.publisher.InternalMonoOperator.subscribe(InternalMonoOperator.java:76)
		at reactor.core.publisher.MonoFlatMap$FlatMapMain.onNext(MonoFlatMap.java:165)
		at reactor.core.publisher.FluxContextWrite$ContextWriteSubscriber.onNext(FluxContextWrite.java:107)
		at reactor.core.publisher.FluxDoFinally$DoFinallySubscriber.onNext(FluxDoFinally.java:113)
		at reactor.core.publisher.MonoPeekTerminal$MonoTerminalPeekSubscriber.onNext(MonoPeekTerminal.java:180)
		at reactor.core.publisher.FluxPeekFuseable$PeekConditionalSubscriber.onNext(FluxPeekFuseable.java:854)
		at reactor.core.publisher.FluxSwitchIfEmpty$SwitchIfEmptySubscriber.onNext(FluxSwitchIfEmpty.java:74)
		at reactor.core.publisher.FluxPeek$PeekSubscriber.onNext(FluxPeek.java:200)
		at reactor.core.publisher.FluxMap$MapSubscriber.onNext(FluxMap.java:122)
		at reactor.core.publisher.FluxOnErrorResume$ResumeSubscriber.onNext(FluxOnErrorResume.java:79)
		at reactor.core.publisher.FluxPeek$PeekSubscriber.onNext(FluxPeek.java:200)
		at reactor.core.publisher.FluxPeek$PeekSubscriber.onNext(FluxPeek.java:200)
		at reactor.core.publisher.MonoIgnoreThen$ThenIgnoreMain.complete(MonoIgnoreThen.java:294)
		at reactor.core.publisher.MonoIgnoreThen$ThenIgnoreMain.onNext(MonoIgnoreThen.java:188)
		at reactor.core.publisher.FluxMap$MapSubscriber.onNext(FluxMap.java:122)
		at reactor.core.publisher.MonoCompletionStage$MonoCompletionStageSubscription.apply(MonoCompletionStage.java:121)
		at reactor.core.publisher.MonoCompletionStage$MonoCompletionStageSubscription.apply(MonoCompletionStage.java:67)
		at java.base/java.util.concurrent.CompletableFuture.uniHandle(CompletableFuture.java:934)
		at java.base/java.util.concurrent.CompletableFuture$UniHandle.tryFire(CompletableFuture.java:911)
		at java.base/java.util.concurrent.CompletableFuture.postComplete(CompletableFuture.java:510)
		at java.base/java.util.concurrent.CompletableFuture.postFire(CompletableFuture.java:614)
		at java.base/java.util.concurrent.CompletableFuture$UniWhenComplete.tryFire(CompletableFuture.java:844)
		at java.base/java.util.concurrent.CompletableFuture$Completion.exec(CompletableFuture.java:483)
		at java.base/java.util.concurrent.ForkJoinTask.doExec(ForkJoinTask.java:373)
		at java.base/java.util.concurrent.ForkJoinPool$WorkQueue.topLevelExec(ForkJoinPool.java:1182)
		at java.base/java.util.concurrent.ForkJoinPool.scan(ForkJoinPool.java:1655)
		at java.base/java.util.concurrent.ForkJoinPool.runWorker(ForkJoinPool.java:1622)
		at java.base/java.util.concurrent.ForkJoinWorkerThread.run(ForkJoinWorkerThread.java:165)
2025-01-10 08:30:17 ERROR reactor.core.publisher.Operators - Operator called default onErrorDropped
org.springframework.web.reactive.function.client.WebClientResponseException$TooManyRequests: 429 Too Many Requests from GET http://localhost:8112/api/v1/employee
	at org.springframework.web.reactive.function.client.WebClientResponseException.create(WebClientResponseException.java:330)
	Suppressed: reactor.core.publisher.FluxOnAssembly$OnAssemblyException: 
Error has been observed at the following site(s):
	*__checkpoint ⇢ 429 TOO_MANY_REQUESTS from GET http://localhost:8112/api/v1/employee [DefaultWebClient]
Original Stack Trace:
		at org.springframework.web.reactive.function.client.WebClientResponseException.create(WebClientResponseException.java:330)
		at org.springframework.web.reactive.function.client.DefaultClientResponse.lambda$createException$1(DefaultClientResponse.java:214)
		at reactor.core.publisher.FluxMap$MapSubscriber.onNext(FluxMap.java:106)
		at reactor.core.publisher.FluxOnErrorReturn$ReturnSubscriber.onNext(FluxOnErrorReturn.java:162)
		at reactor.core.publisher.Operators$BaseFluxToMonoOperator.completePossiblyEmpty(Operators.java:2097)
		at reactor.core.publisher.FluxDefaultIfEmpty$DefaultIfEmptySubscriber.onComplete(FluxDefaultIfEmpty.java:134)
		at reactor.core.publisher.FluxMapFuseable$MapFuseableSubscriber.onComplete(FluxMapFuseable.java:152)
		at reactor.core.publisher.FluxContextWrite$ContextWriteSubscriber.onComplete(FluxContextWrite.java:126)
		at reactor.core.publisher.FluxMapFuseable$MapFuseableConditionalSubscriber.onComplete(FluxMapFuseable.java:350)
		at reactor.core.publisher.FluxFilterFuseable$FilterFuseableConditionalSubscriber.onComplete(FluxFilterFuseable.java:391)
		at reactor.core.publisher.Operators$BaseFluxToMonoOperator.completePossiblyEmpty(Operators.java:2098)
		at reactor.core.publisher.MonoCollect$CollectSubscriber.onComplete(MonoCollect.java:145)
		at reactor.core.publisher.FluxPublish$PublishSubscriber.checkTerminated(FluxPublish.java:634)
		at reactor.core.publisher.FluxPublish$PublishSubscriber.drain(FluxPublish.java:494)
		at reactor.core.publisher.FluxPublish$PublishSubscriber.onComplete(FluxPublish.java:355)
		at reactor.core.publisher.FluxContextWrite$ContextWriteSubscriber.onComplete(FluxContextWrite.java:126)
		at reactor.core.publisher.FluxMapFuseable$MapFuseableConditionalSubscriber.onComplete(FluxMapFuseable.java:350)
		at reactor.core.publisher.FluxFlattenIterable$FlattenIterableSubscriber.drainAsync(FluxFlattenIterable.java:371)
		at reactor.core.publisher.FluxFlattenIterable$FlattenIterableSubscriber.drain(FluxFlattenIterable.java:724)
		at reactor.core.publisher.FluxFlattenIterable$FlattenIterableSubscriber.onComplete(FluxFlattenIterable.java:273)
		at reactor.adapter.JdkFlowAdapter$SubscriberToRS.onComplete(JdkFlowAdapter.java:160)
		at java.net.http/jdk.internal.net.http.ResponseSubscribers$PublishingBodySubscriber.complete(ResponseSubscribers.java:933)
		at java.net.http/jdk.internal.net.http.ResponseSubscribers$PublishingBodySubscriber.lambda$new$1(ResponseSubscribers.java:864)
		at java.base/java.util.concurrent.CompletableFuture$UniAccept.tryFire(CompletableFuture.java:718)
		at java.base/java.util.concurrent.CompletableFuture.postComplete(CompletableFuture.java:510)
		at java.base/java.util.concurrent.CompletableFuture.complete(CompletableFuture.java:2147)
		at java.net.http/jdk.internal.net.http.ResponseSubscribers$PublishingBodySubscriber.lambda$subscribe$3(ResponseSubscribers.java:961)
		at java.base/java.util.concurrent.CompletableFuture.uniAcceptNow(CompletableFuture.java:757)
		at java.base/java.util.concurrent.CompletableFuture.uniAcceptStage(CompletableFuture.java:735)
		at java.base/java.util.concurrent.CompletableFuture.thenAccept(CompletableFuture.java:2182)
		at java.net.http/jdk.internal.net.http.ResponseSubscribers$PublishingBodySubscriber.subscribe(ResponseSubscribers.java:957)
		at reactor.adapter.JdkFlowAdapter$FlowPublisherAsFlux.subscribe(JdkFlowAdapter.java:68)
		at reactor.core.publisher.InternalFluxOperator.subscribe(InternalFluxOperator.java:68)
		at reactor.core.publisher.FluxPublish.connect(FluxPublish.java:106)
		at reactor.core.publisher.FluxAutoConnect.subscribe(FluxAutoConnect.java:62)
		at reactor.core.publisher.Flux.subscribe(Flux.java:8891)
		at org.springframework.http.client.reactive.AbstractClientHttpResponse$SingleSubscriberPublisher.subscribe(AbstractClientHttpResponse.java:112)
		at reactor.core.publisher.FluxSource.subscribe(FluxSource.java:71)
		at reactor.core.publisher.InternalMonoOperator.subscribe(InternalMonoOperator.java:76)
		at reactor.core.publisher.MonoFlatMap$FlatMapMain.onNext(MonoFlatMap.java:165)
		at reactor.core.publisher.FluxContextWrite$ContextWriteSubscriber.onNext(FluxContextWrite.java:107)
		at reactor.core.publisher.FluxDoFinally$DoFinallySubscriber.onNext(FluxDoFinally.java:113)
		at reactor.core.publisher.MonoPeekTerminal$MonoTerminalPeekSubscriber.onNext(MonoPeekTerminal.java:180)
		at reactor.core.publisher.FluxPeekFuseable$PeekConditionalSubscriber.onNext(FluxPeekFuseable.java:854)
		at reactor.core.publisher.FluxSwitchIfEmpty$SwitchIfEmptySubscriber.onNext(FluxSwitchIfEmpty.java:74)
		at reactor.core.publisher.FluxPeek$PeekSubscriber.onNext(FluxPeek.java:200)
		at reactor.core.publisher.FluxMap$MapSubscriber.onNext(FluxMap.java:122)
		at reactor.core.publisher.FluxOnErrorResume$ResumeSubscriber.onNext(FluxOnErrorResume.java:79)
		at reactor.core.publisher.FluxPeek$PeekSubscriber.onNext(FluxPeek.java:200)
		at reactor.core.publisher.FluxPeek$PeekSubscriber.onNext(FluxPeek.java:200)
		at reactor.core.publisher.MonoIgnoreThen$ThenIgnoreMain.complete(MonoIgnoreThen.java:294)
		at reactor.core.publisher.MonoIgnoreThen$ThenIgnoreMain.onNext(MonoIgnoreThen.java:188)
		at reactor.core.publisher.FluxMap$MapSubscriber.onNext(FluxMap.java:122)
		at reactor.core.publisher.MonoCompletionStage$MonoCompletionStageSubscription.apply(MonoCompletionStage.java:121)
		at reactor.core.publisher.MonoCompletionStage$MonoCompletionStageSubscription.apply(MonoCompletionStage.java:67)
		at java.base/java.util.concurrent.CompletableFuture.uniHandle(CompletableFuture.java:934)
		at java.base/java.util.concurrent.CompletableFuture$UniHandle.tryFire(CompletableFuture.java:911)
		at java.base/java.util.concurrent.CompletableFuture.postComplete(CompletableFuture.java:510)
		at java.base/java.util.concurrent.CompletableFuture.postFire(CompletableFuture.java:614)
		at java.base/java.util.concurrent.CompletableFuture$UniWhenComplete.tryFire(CompletableFuture.java:844)
		at java.base/java.util.concurrent.CompletableFuture$Completion.exec(CompletableFuture.java:483)
		at java.base/java.util.concurrent.ForkJoinTask.doExec(ForkJoinTask.java:373)
		at java.base/java.util.concurrent.ForkJoinPool$WorkQueue.topLevelExec(ForkJoinPool.java:1182)
		at java.base/java.util.concurrent.ForkJoinPool.scan(ForkJoinPool.java:1655)
		at java.base/java.util.concurrent.ForkJoinPool.runWorker(ForkJoinPool.java:1622)
		at java.base/java.util.concurrent.ForkJoinWorkerThread.run(ForkJoinWorkerThread.java:165)
2025-01-10 08:30:17 ERROR reactor.core.publisher.Operators - Operator called default onErrorDropped
org.springframework.web.reactive.function.client.WebClientResponseException$TooManyRequests: 429 Too Many Requests from GET http://localhost:8112/api/v1/employee
	at org.springframework.web.reactive.function.client.WebClientResponseException.create(WebClientResponseException.java:330)
	Suppressed: reactor.core.publisher.FluxOnAssembly$OnAssemblyException: 
Error has been observed at the following site(s):
	*__checkpoint ⇢ 429 TOO_MANY_REQUESTS from GET http://localhost:8112/api/v1/employee [DefaultWebClient]
Original Stack Trace:
		at org.springframework.web.reactive.function.client.WebClientResponseException.create(WebClientResponseException.java:330)
		at org.springframework.web.reactive.function.client.DefaultClientResponse.lambda$createException$1(DefaultClientResponse.java:214)
		at reactor.core.publisher.FluxMap$MapSubscriber.onNext(FluxMap.java:106)
		at reactor.core.publisher.FluxOnErrorReturn$ReturnSubscriber.onNext(FluxOnErrorReturn.java:162)
		at reactor.core.publisher.Operators$BaseFluxToMonoOperator.completePossiblyEmpty(Operators.java:2097)
		at reactor.core.publisher.FluxDefaultIfEmpty$DefaultIfEmptySubscriber.onComplete(FluxDefaultIfEmpty.java:134)
		at reactor.core.publisher.FluxMapFuseable$MapFuseableSubscriber.onComplete(FluxMapFuseable.java:152)
		at reactor.core.publisher.FluxContextWrite$ContextWriteSubscriber.onComplete(FluxContextWrite.java:126)
		at reactor.core.publisher.FluxMapFuseable$MapFuseableConditionalSubscriber.onComplete(FluxMapFuseable.java:350)
		at reactor.core.publisher.FluxFilterFuseable$FilterFuseableConditionalSubscriber.onComplete(FluxFilterFuseable.java:391)
		at reactor.core.publisher.Operators$BaseFluxToMonoOperator.completePossiblyEmpty(Operators.java:2098)
		at reactor.core.publisher.MonoCollect$CollectSubscriber.onComplete(MonoCollect.java:145)
		at reactor.core.publisher.FluxPublish$PublishSubscriber.checkTerminated(FluxPublish.java:634)
		at reactor.core.publisher.FluxPublish$PublishSubscriber.drain(FluxPublish.java:494)
		at reactor.core.publisher.FluxPublish$PublishSubscriber.onComplete(FluxPublish.java:355)
		at reactor.core.publisher.FluxContextWrite$ContextWriteSubscriber.onComplete(FluxContextWrite.java:126)
		at reactor.core.publisher.FluxMapFuseable$MapFuseableConditionalSubscriber.onComplete(FluxMapFuseable.java:350)
		at reactor.core.publisher.FluxFlattenIterable$FlattenIterableSubscriber.drainAsync(FluxFlattenIterable.java:371)
		at reactor.core.publisher.FluxFlattenIterable$FlattenIterableSubscriber.drain(FluxFlattenIterable.java:724)
		at reactor.core.publisher.FluxFlattenIterable$FlattenIterableSubscriber.onComplete(FluxFlattenIterable.java:273)
		at reactor.adapter.JdkFlowAdapter$SubscriberToRS.onComplete(JdkFlowAdapter.java:160)
		at java.net.http/jdk.internal.net.http.ResponseSubscribers$PublishingBodySubscriber.complete(ResponseSubscribers.java:933)
		at java.net.http/jdk.internal.net.http.ResponseSubscribers$PublishingBodySubscriber.lambda$new$1(ResponseSubscribers.java:864)
		at java.base/java.util.concurrent.CompletableFuture$UniAccept.tryFire(CompletableFuture.java:718)
		at java.base/java.util.concurrent.CompletableFuture.postComplete(CompletableFuture.java:510)
		at java.base/java.util.concurrent.CompletableFuture.complete(CompletableFuture.java:2147)
		at java.net.http/jdk.internal.net.http.ResponseSubscribers$PublishingBodySubscriber.lambda$subscribe$3(ResponseSubscribers.java:961)
		at java.base/java.util.concurrent.CompletableFuture.uniAcceptNow(CompletableFuture.java:757)
		at java.base/java.util.concurrent.CompletableFuture.uniAcceptStage(CompletableFuture.java:735)
		at java.base/java.util.concurrent.CompletableFuture.thenAccept(CompletableFuture.java:2182)
		at java.net.http/jdk.internal.net.http.ResponseSubscribers$PublishingBodySubscriber.subscribe(ResponseSubscribers.java:957)
		at reactor.adapter.JdkFlowAdapter$FlowPublisherAsFlux.subscribe(JdkFlowAdapter.java:68)
		at reactor.core.publisher.InternalFluxOperator.subscribe(InternalFluxOperator.java:68)
		at reactor.core.publisher.FluxPublish.connect(FluxPublish.java:106)
		at reactor.core.publisher.FluxAutoConnect.subscribe(FluxAutoConnect.java:62)
		at reactor.core.publisher.Flux.subscribe(Flux.java:8891)
		at org.springframework.http.client.reactive.AbstractClientHttpResponse$SingleSubscriberPublisher.subscribe(AbstractClientHttpResponse.java:112)
		at reactor.core.publisher.FluxSource.subscribe(FluxSource.java:71)
		at reactor.core.publisher.InternalMonoOperator.subscribe(InternalMonoOperator.java:76)
		at reactor.core.publisher.MonoFlatMap$FlatMapMain.onNext(MonoFlatMap.java:165)
		at reactor.core.publisher.FluxContextWrite$ContextWriteSubscriber.onNext(FluxContextWrite.java:107)
		at reactor.core.publisher.FluxDoFinally$DoFinallySubscriber.onNext(FluxDoFinally.java:113)
		at reactor.core.publisher.MonoPeekTerminal$MonoTerminalPeekSubscriber.onNext(MonoPeekTerminal.java:180)
		at reactor.core.publisher.FluxPeekFuseable$PeekConditionalSubscriber.onNext(FluxPeekFuseable.java:854)
		at reactor.core.publisher.FluxSwitchIfEmpty$SwitchIfEmptySubscriber.onNext(FluxSwitchIfEmpty.java:74)
		at reactor.core.publisher.FluxPeek$PeekSubscriber.onNext(FluxPeek.java:200)
		at reactor.core.publisher.FluxMap$MapSubscriber.onNext(FluxMap.java:122)
		at reactor.core.publisher.FluxOnErrorResume$ResumeSubscriber.onNext(FluxOnErrorResume.java:79)
		at reactor.core.publisher.FluxPeek$PeekSubscriber.onNext(FluxPeek.java:200)
		at reactor.core.publisher.FluxPeek$PeekSubscriber.onNext(FluxPeek.java:200)
		at reactor.core.publisher.MonoIgnoreThen$ThenIgnoreMain.complete(MonoIgnoreThen.java:294)
		at reactor.core.publisher.MonoIgnoreThen$ThenIgnoreMain.onNext(MonoIgnoreThen.java:188)
		at reactor.core.publisher.FluxMap$MapSubscriber.onNext(FluxMap.java:122)
		at reactor.core.publisher.MonoCompletionStage$MonoCompletionStageSubscription.apply(MonoCompletionStage.java:121)
		at reactor.core.publisher.MonoCompletionStage$MonoCompletionStageSubscription.apply(MonoCompletionStage.java:67)
		at java.base/java.util.concurrent.CompletableFuture.uniHandle(CompletableFuture.java:934)
		at java.base/java.util.concurrent.CompletableFuture$UniHandle.tryFire(CompletableFuture.java:911)
		at java.base/java.util.concurrent.CompletableFuture.postComplete(CompletableFuture.java:510)
		at java.base/java.util.concurrent.CompletableFuture.postFire(CompletableFuture.java:614)
		at java.base/java.util.concurrent.CompletableFuture$UniWhenComplete.tryFire(CompletableFuture.java:844)
		at java.base/java.util.concurrent.CompletableFuture$Completion.exec(CompletableFuture.java:483)
		at java.base/java.util.concurrent.ForkJoinTask.doExec(ForkJoinTask.java:373)
		at java.base/java.util.concurrent.ForkJoinPool$WorkQueue.topLevelExec(ForkJoinPool.java:1182)
		at java.base/java.util.concurrent.ForkJoinPool.scan(ForkJoinPool.java:1655)
		at java.base/java.util.concurrent.ForkJoinPool.runWorker(ForkJoinPool.java:1622)
		at java.base/java.util.concurrent.ForkJoinWorkerThread.run(ForkJoinWorkerThread.java:165)
